../board/board.c:28:6:BOARD_InitDebugConsole	8	static
../board/board.c:44:6:BOARD_InitDebugConsole_Core1	8	static
../board/board.c:58:6:BOARD_LPI2C_Init	48	static
../board/board.c:76:10:BOARD_LPI2C_Send	32	static
../board/board.c:96:10:BOARD_LPI2C_Receive	32	static
../board/board.c:116:10:BOARD_LPI2C_SendSCCB	80	static
../board/board.c:139:10:BOARD_LPI2C_ReceiveSCCB	56	static
../board/board.c:180:6:BOARD_Accel_I2C_Init	40	static
../board/board.c:185:10:BOARD_Accel_I2C_Send	48	static
../board/board.c:192:10:BOARD_Accel_I2C_Receive	32	static
../board/board.c:198:6:BOARD_Codec_I2C_Init	40	static
../board/board.c:203:10:BOARD_Codec_I2C_Send	32	static
../board/board.c:210:10:BOARD_Codec_I2C_Receive	32	static
../board/board.c:216:6:BOARD_Camera_I2C_Init	40	static
../board/board.c:222:10:BOARD_Camera_I2C_Send	32	static
../board/board.c:229:10:BOARD_Camera_I2C_Receive	32	static
../board/board.c:236:10:BOARD_Camera_I2C_SendSCCB	80	static
../board/board.c:243:10:BOARD_Camera_I2C_ReceiveSCCB	56	static
../board/board.c:253:6:BOARD_PowerMode_OD	16	static
