C:\UTAR stuf\Y2S3\FYP 1\Exercises for acclimatization\Lab5 Project files\eiq\tensorflow-lite/tensorflow/lite/micro/micro_mutable_op_resolver.h:43:7:virtual tflite::MicroMutableOpResolver<11>::~MicroMutableOpResolver()	0	static
C:\UTAR stuf\Y2S3\FYP 1\Exercises for acclimatization\Lab5 Project files\eiq\tensorflow-lite/tensorflow/lite/micro/micro_mutable_op_resolver.h:49:27:const TFLMRegistration* tflite::MicroMutableOpResolver<tOpCount>::FindOp(tflite::BuiltinOperator) const [with unsigned int tOpCount = 11]	0	static
C:\UTAR stuf\Y2S3\FYP 1\Exercises for acclimatization\Lab5 Project files\eiq\tensorflow-lite/tensorflow/lite/micro/micro_mutable_op_resolver.h:72:36:TfLiteStatus (* tflite::MicroMutableOpResolver<tOpCount>::GetOpDataParser(tflite::BuiltinOperator) const)(const tflite::Operator*, tflite::ErrorReporter*, tflite::BuiltinDataAllocator*, void**) [with unsigned int tOpCount = 11]	8	static
C:\UTAR stuf\Y2S3\FYP 1\Exercises for acclimatization\Lab5 Project files\eiq\tensorflow-lite/tensorflow/lite/micro/micro_mutable_op_resolver.h:61:27:const TFLMRegistration* tflite::MicroMutableOpResolver<tOpCount>::FindOp(const char*) const [with unsigned int tOpCount = 11]	16	static
../source/models/ultraface_slim_quant_int8/ultraface_ops_micro_tflite.cpp:22:26:tflite::MicroOpResolver& MODEL_GetOpsResolver()	56	static
