C:\UTAR stuf\Y2S3\FYP 1\Exercises for acclimatization\Lab5 Project files\eiq\tensorflow-lite/tensorflow/lite/micro/micro_mutable_op_resolver.h:43:7:virtual tflite::MicroMutableOpResolver<114>::~MicroMutableOpResolver()	0	static
C:\UTAR stuf\Y2S3\FYP 1\Exercises for acclimatization\Lab5 Project files\eiq\tensorflow-lite/tensorflow/lite/micro/micro_mutable_op_resolver.h:49:27:const TFLMRegistration* tflite::MicroMutableOpResolver<tOpCount>::FindOp(tflite::BuiltinOperator) const [with unsigned int tOpCount = 114]	8	static
C:\UTAR stuf\Y2S3\FYP 1\Exercises for acclimatization\Lab5 Project files\eiq\tensorflow-lite/tensorflow/lite/micro/micro_mutable_op_resolver.h:72:36:TfLiteStatus (* tflite::MicroMutableOpResolver<tOpCount>::GetOpDataParser(tflite::BuiltinOperator) const)(const tflite::Operator*, tflite::ErrorReporter*, tflite::BuiltinDataAllocator*, void**) [with unsigned int tOpCount = 114]	16	static
C:\UTAR stuf\Y2S3\FYP 1\Exercises for acclimatization\Lab5 Project files\eiq\tensorflow-lite/tensorflow/lite/micro/micro_mutable_op_resolver.h:61:27:const TFLMRegistration* tflite::MicroMutableOpResolver<tOpCount>::FindOp(const char*) const [with unsigned int tOpCount = 114]	24	static
C:\UTAR stuf\Y2S3\FYP 1\Exercises for acclimatization\Lab5 Project files\eiq\tensorflow-lite/tensorflow/lite/micro/micro_mutable_op_resolver.h:662:16:TfLiteStatus tflite::MicroMutableOpResolver<tOpCount>::AddBuiltin(tflite::BuiltinOperator, const TFLMRegistration&, tflite::TfLiteBridgeBuiltinParseFunction) [with unsigned int tOpCount = 114]	48	static
C:\UTAR stuf\Y2S3\FYP 1\Exercises for acclimatization\Lab5 Project files\eiq\tensorflow-lite/tensorflow/lite/micro/micro_mutable_op_resolver.h:662:16:TfLiteStatus tflite::MicroMutableOpResolver<tOpCount>::AddBuiltin(tflite::BuiltinOperator, const TFLMRegistration&, tflite::TfLiteBridgeBuiltinParseFunction) [with unsigned int tOpCount = 114]	40	static
C:\UTAR stuf\Y2S3\FYP 1\Exercises for acclimatization\Lab5 Project files\eiq\tensorflow-lite/tensorflow/lite/micro/micro_mutable_op_resolver.h:87:16:TfLiteStatus tflite::MicroMutableOpResolver<tOpCount>::AddCustom(const char*, const TFLMRegistration*) [with unsigned int tOpCount = 114]	32	static
../eiq/mpp/hal/tflite/model_all_ops_micro.cpp:16:48:tflite::MicroOpResolver& MODEL_GetOpsResolver()	56	static
