../drivers/fsl_lpuart.c:207:13:LPUART_ReadNonBlocking.part.0	8	static
../drivers/fsl_lpuart.c:237:13:LPUART_ReadNonBlocking16bit.part.0	8	static
../drivers/fsl_lpuart.c:117:10:LPUART_GetInstance.part.0	8	static
../drivers/fsl_lpuart.c:1885:6:LPUART_TransferHandleIRQ	32	static
../drivers/fsl_lpuart.c:117:10:LPUART_GetInstance	8	static
../drivers/fsl_lpuart.c:141:8:LPUART_TransferGetRxRingBufferLength	8	static
../drivers/fsl_lpuart.c:273:10:LPUART_Init	32	static
../drivers/fsl_lpuart.c:515:6:LPUART_Deinit	8	static
../drivers/fsl_lpuart.c:571:6:LPUART_GetDefaultConfig	8	static
../drivers/fsl_lpuart.c:616:10:LPUART_SetBaudRate	32	static
../drivers/fsl_lpuart.c:713:6:LPUART_Enable9bitMode	8	static
../drivers/fsl_lpuart.c:747:6:LPUART_SendAddress	8	static
../drivers/fsl_lpuart.c:769:6:LPUART_EnableInterrupts	4	static
../drivers/fsl_lpuart.c:829:6:LPUART_DisableInterrupts	0	static
../drivers/fsl_lpuart.c:896:10:LPUART_GetEnabledInterrupts	4	static
../drivers/fsl_lpuart.c:943:10:LPUART_GetStatusFlags	4	static
../drivers/fsl_lpuart.c:983:10:LPUART_ClearStatusFlags	8	static
../drivers/fsl_lpuart.c:1042:10:LPUART_WriteBlocking	8	static
../drivers/fsl_lpuart.c:1103:10:LPUART_WriteBlocking16bit	8	static
../drivers/fsl_lpuart.c:1168:10:LPUART_ReadBlocking	24	static
../drivers/fsl_lpuart.c:1284:10:LPUART_ReadBlocking16bit	24	static
../drivers/fsl_lpuart.c:1399:6:LPUART_TransferCreateHandle	32	static
../drivers/fsl_lpuart.c:1459:6:LPUART_TransferStartRingBuffer	8	static
../drivers/fsl_lpuart.c:1495:6:LPUART_TransferStopRingBuffer	8	static
../drivers/fsl_lpuart.c:1533:10:LPUART_TransferSendNonBlocking	8	static
../drivers/fsl_lpuart.c:1583:6:LPUART_TransferAbortSend	8	static
../drivers/fsl_lpuart.c:1608:10:LPUART_TransferGetSendCount	8	static
../drivers/fsl_lpuart.c:1666:10:LPUART_TransferReceiveNonBlocking	40	static
../drivers/fsl_lpuart.c:1826:6:LPUART_TransferAbortReceive	8	static
../drivers/fsl_lpuart.c:1857:10:LPUART_TransferGetReceiveCount	8	static
../drivers/fsl_lpuart.c:2177:6:LPUART_TransferHandleErrorIRQ	0	static
