../drivers/fsl_clock.c:145:10:CLOCK_SetupFROHFClocking	0	static
../drivers/fsl_clock.c:179:10:CLOCK_SetupExtClocking	0	static
../drivers/fsl_clock.c:253:10:CLOCK_SetupExtRefClocking	0	static
../drivers/fsl_clock.c:330:10:CLOCK_SetupOsc32KClocking	8	static
../drivers/fsl_clock.c:372:10:CLOCK_SetupClk16KClocking	0	static
../drivers/fsl_clock.c:390:10:CLOCK_FROHFTrimConfig	8	static
../drivers/fsl_clock.c:415:10:CLOCK_FRO12MTrimConfig	8	static
../drivers/fsl_clock.c:444:6:CLOCK_SetSysOscMonitorMode	0	static
../drivers/fsl_clock.c:463:6:CLOCK_SetRoscMonitorMode	0	static
../drivers/fsl_clock.c:482:6:CLOCK_SetUpllMonitorMode	0	static
../drivers/fsl_clock.c:501:6:CLOCK_SetPll0MonitorMode	0	static
../drivers/fsl_clock.c:520:6:CLOCK_SetPll1MonitorMode	0	static
../drivers/fsl_clock.c:538:10:CLOCK_SetFLASHAccessCyclesForFreq	0	static
../drivers/fsl_clock.c:620:6:VBAT_SetOscConfig	0	static
../drivers/fsl_clock.c:665:6:CLOCK_AttachClk	4	static
../drivers/fsl_clock.c:714:19:CLOCK_GetClockAttachId	0	static
../drivers/fsl_clock.c:763:6:CLOCK_SetClkDiv	0	static
../drivers/fsl_clock.c:787:10:CLOCK_GetClkDiv	0	static
../drivers/fsl_clock.c:812:6:CLOCK_HaltClkDiv	0	static
../drivers/fsl_clock.c:830:6:CLOCK_SetupClockCtrl	0	static
../drivers/fsl_clock.c:1136:10:CLOCK_GetTsiClkFreq	0	static
../drivers/fsl_clock.c:1257:10:CLOCK_GetPll0OutFreq	24	static
../drivers/fsl_clock.c:1285:10:CLOCK_GetPll1OutFreq	24	static
../drivers/fsl_clock.c:930:10:CLOCK_GetCTimerClkFreq	8	static
../drivers/fsl_clock.c:984:10:CLOCK_GetAdcClkFreq	8	static
../drivers/fsl_clock.c:1024:10:CLOCK_GetUsb0ClkFreq	8	static
../drivers/fsl_clock.c:1097:10:CLOCK_GetSctClkFreq	8	static
../drivers/fsl_clock.c:1160:10:CLOCK_GetSincFilterClkFreq	8	static
../drivers/fsl_clock.c:1195:10:CLOCK_GetDacClkFreq	8	static
../drivers/fsl_clock.c:1228:10:CLOCK_GetFlexspiClkFreq	8	static
../drivers/fsl_clock.c:1061:10:CLOCK_GetLPFlexCommClkFreq	16	static
../drivers/fsl_clock.c:1313:10:CLOCK_GetPllClkDivFreq	8	static
../drivers/fsl_clock.c:1340:10:CLOCK_GetExtUpllFreq	0	static
../drivers/fsl_clock.c:1354:6:CLOCK_SetExtUpllFreq	0	static
../drivers/fsl_clock.c:1363:10:CLOCK_GetI3cClkFreq	8	static
../drivers/fsl_clock.c:1399:10:CLOCK_GetI3cSTCClkFreq	8	static
../drivers/fsl_clock.c:1446:10:CLOCK_GetI3cSClkFreq	0	static
../drivers/fsl_clock.c:1471:10:CLOCK_GetMicfilClkFreq	8	static
../drivers/fsl_clock.c:1512:10:CLOCK_GetUsdhcClkFreq	8	static
../drivers/fsl_clock.c:1547:10:CLOCK_GetFlexioClkFreq	8	static
../drivers/fsl_clock.c:1582:10:CLOCK_GetFlexcanClkFreq	8	static
../drivers/fsl_clock.c:1618:10:CLOCK_GetEnetRmiiClkFreq	8	static
../drivers/fsl_clock.c:1645:10:CLOCK_GetEnetPtpRefClkFreq	8	static
../drivers/fsl_clock.c:1675:6:CLOCK_SetupEnetTxClk	0	static
../drivers/fsl_clock.c:1686:10:CLOCK_GetEnetTxClkFreq	0	static
../drivers/fsl_clock.c:1695:10:CLOCK_GetEwm0ClkFreq	0	static
../drivers/fsl_clock.c:1719:10:CLOCK_GetWdtClkFreq	0	static
../drivers/fsl_clock.c:1760:10:CLOCK_GetOstimerClkFreq	0	static
../drivers/fsl_clock.c:1787:10:CLOCK_GetCmpFClkFreq	8	static
../drivers/fsl_clock.c:1827:10:CLOCK_GetCmpRRClkFreq	8	static
../drivers/fsl_clock.c:1867:10:CLOCK_GetSaiClkFreq	8	static
../drivers/fsl_clock.c:1903:6:CLOCK_SetupSaiMclk	0	static
../drivers/fsl_clock.c:1914:6:CLOCK_SetupSaiTxBclk	0	static
../drivers/fsl_clock.c:1925:6:CLOCK_SetupSaiRxBclk	0	static
../drivers/fsl_clock.c:1936:10:CLOCK_GetSaiMclkFreq	0	static
../drivers/fsl_clock.c:1945:10:CLOCK_GetSaiTxBclkFreq	0	static
../drivers/fsl_clock.c:1954:10:CLOCK_GetSaiRxBclkFreq	0	static
../drivers/fsl_clock.c:1963:10:CLOCK_GetEmvsimClkFreq	8	static
../drivers/fsl_clock.c:2000:10:CLOCK_GetPLL0InClockRate	0	static
../drivers/fsl_clock.c:2024:10:CLOCK_GetPLL1InClockRate	0	static
../drivers/fsl_clock.c:2052:10:CLOCK_GetPLLOutFromSetup	24	static
../drivers/fsl_clock.c:2080:13:CLOCK_SetupPLLData	72	static
../drivers/fsl_clock.c:2131:13:CLOCK_SetPLL0Freq	8	static
../drivers/fsl_clock.c:2189:13:CLOCK_SetPLL1Freq	8	static
../drivers/fsl_clock.c:2239:6:CLOCK_EnableOstimer32kClock	0	static
../drivers/fsl_clock.c:2339:10:CLOCK_GetMainClkFreq	0	static
../drivers/fsl_clock.c:841:10:CLOCK_GetFreq	8	static
../drivers/fsl_clock.c:2378:10:CLOCK_GetCoreSysClkFreq	8	static
../drivers/fsl_clock.c:2989:6:CLOCK_EnableUsbfsClock	0	static
../drivers/fsl_clock.c:3010:6:CLOCK_EnableUsbhsPhyPllClock	12	static
../drivers/fsl_clock.c:3098:6:CLOCK_DisableUsbhsPhyPllClock	0	static
../drivers/fsl_clock.c:3107:6:CLOCK_EnableUsbhsClock	0	static
../drivers/fsl_clock.c:3122:10:CLOCK_FIRCAutoTrimWithSOF	0	static
