../drivers/fsl_lpi2c.c:2210:6:LPI2C_SlaveTransferHandleIRQ	24	static
../drivers/fsl_lpi2c.c:151:17:LPI2C_GetCyclesForWidth.part.0	8	static
../drivers/fsl_lpi2c.c:128:10:LPI2C_GetInstance.part.0	8	static
../drivers/fsl_lpi2c.c:1568:6:LPI2C_MasterTransferHandleIRQ	16	static
../drivers/fsl_lpi2c.c:128:10:LPI2C_GetInstance	8	static
../drivers/fsl_lpi2c.c:193:10:LPI2C_MasterCheckAndClearError	0	static
../drivers/fsl_lpi2c.c:295:10:LPI2C_CheckForBusyBus	0	static
../drivers/fsl_lpi2c.c:332:6:LPI2C_MasterGetDefaultConfig	4	static
../drivers/fsl_lpi2c.c:484:6:LPI2C_MasterDeinit	8	static
../drivers/fsl_lpi2c.c:516:6:LPI2C_MasterConfigureDataMatch	4	static
../drivers/fsl_lpi2c.c:547:6:LPI2C_MasterSetBaudRate	36	static
../drivers/fsl_lpi2c.c:365:6:LPI2C_MasterInit	24	static
../drivers/fsl_lpi2c.c:686:10:LPI2C_MasterStart	8	static
../drivers/fsl_lpi2c.c:723:10:LPI2C_MasterStop	0	static
../drivers/fsl_lpi2c.c:784:10:LPI2C_MasterReceive	16	static
../drivers/fsl_lpi2c.c:886:10:LPI2C_MasterSend	8	static
../drivers/fsl_lpi2c.c:925:10:LPI2C_MasterTransferBlocking	48	static
../drivers/fsl_lpi2c.c:1052:6:LPI2C_MasterTransferCreateHandle	24	static
../drivers/fsl_lpi2c.c:1408:10:LPI2C_MasterTransferNonBlocking	24	static
../drivers/fsl_lpi2c.c:1470:10:LPI2C_MasterTransferGetCount	16	static
../drivers/fsl_lpi2c.c:1538:6:LPI2C_MasterTransferAbort	0	static
../drivers/fsl_lpi2c.c:1639:6:LPI2C_SlaveGetDefaultConfig	8	static
../drivers/fsl_lpi2c.c:1678:6:LPI2C_SlaveInit	24	static
../drivers/fsl_lpi2c.c:1766:6:LPI2C_SlaveDeinit	8	static
../drivers/fsl_lpi2c.c:1840:10:LPI2C_SlaveSend	16	static
../drivers/fsl_lpi2c.c:1927:10:LPI2C_SlaveReceive	16	static
../drivers/fsl_lpi2c.c:2021:6:LPI2C_SlaveTransferCreateHandle	24	static
../drivers/fsl_lpi2c.c:2090:10:LPI2C_SlaveTransferNonBlocking	8	static
../drivers/fsl_lpi2c.c:2147:10:LPI2C_SlaveTransferGetCount	8	static
../drivers/fsl_lpi2c.c:2182:6:LPI2C_SlaveTransferAbort	8	static
../drivers/fsl_lpi2c.c:2391:6:LPI2C_CommonIRQHandler	16	static
