../drivers/fsl_spc.c:46:35:SPC_GetPowerDomainLowPowerMode	8	static
../drivers/fsl_spc.c:66:9:SPC_GetPeriphIOIsolationStatus	0	static
../drivers/fsl_spc.c:82:6:SPC_SetLowPowerRequestConfig	8	static
../drivers/fsl_spc.c:111:6:SPC_ConfigVddCoreGlitchDetector	8	static
../drivers/fsl_spc.c:136:6:SPC_SetSRAMOperateVoltage	8	static
../drivers/fsl_spc.c:177:10:SPC_SetActiveModeBandgapModeConfig	0	static
../drivers/fsl_spc.c:253:10:SPC_SetLowPowerModeBandgapmodeConfig	0	static
../drivers/fsl_spc.c:317:6:SPC_SetCoreVoltageDetectConfig	8	static
../drivers/fsl_spc.c:347:10:SPC_EnableActiveModeCoreHighVoltageDetect	0	static
../drivers/fsl_spc.c:377:10:SPC_EnableLowPowerModeCoreHighVoltageDetect	0	static
../drivers/fsl_spc.c:407:10:SPC_EnableActiveModeCoreLowVoltageDetect	0	static
../drivers/fsl_spc.c:436:10:SPC_EnableLowPowerModeCoreLowVoltageDetect	0	static
../drivers/fsl_spc.c:463:6:SPC_SetSystemVDDLowVoltageLevel	0	static
../drivers/fsl_spc.c:490:6:SPC_SetSystemVoltageDetectConfig	8	static
../drivers/fsl_spc.c:521:10:SPC_EnableActiveModeSystemHighVoltageDetect	0	static
../drivers/fsl_spc.c:551:10:SPC_EnableActiveModeSystemLowVoltageDetect	0	static
../drivers/fsl_spc.c:581:10:SPC_EnableLowPowerModeSystemHighVoltageDetect	0	static
../drivers/fsl_spc.c:611:10:SPC_EnableLowPowerModeSystemLowVoltageDetect	0	static
../drivers/fsl_spc.c:637:6:SPC_SetIOVDDLowVoltageLevel	0	static
../drivers/fsl_spc.c:660:6:SPC_SetIOVoltageDetectConfig	8	static
../drivers/fsl_spc.c:694:10:SPC_EnableActiveModeIOHighVoltageDetect	0	static
../drivers/fsl_spc.c:724:10:SPC_EnableActiveModeIOLowVoltageDetect	0	static
../drivers/fsl_spc.c:753:10:SPC_EnableLowPowerModeIOHighVoltageDetect	0	static
../drivers/fsl_spc.c:782:10:SPC_EnableLowPowerModeIOLowVoltageDetect	0	static
../drivers/fsl_spc.c:808:6:SPC_SetExternalVoltageDomainsConfig	0	static
../drivers/fsl_spc.c:831:10:SPC_SetActiveModeCoreLDORegulatorConfig	8	static
../drivers/fsl_spc.c:886:10:SPC_SetActiveModeCoreLDORegulatorVoltageLevel	0	static
../drivers/fsl_spc.c:924:10:SPC_SetActiveModeCoreLDORegulatorDriveStrength	0	static
../drivers/fsl_spc.c:969:10:SPC_SetLowPowerModeCoreLDORegulatorConfig	0	static
../drivers/fsl_spc.c:1007:10:SPC_SetLowPowerModeCoreLDORegulatorVoltageLevel	0	static
../drivers/fsl_spc.c:1042:10:SPC_SetLowPowerModeCoreLDORegulatorDriveStrength	0	static
../drivers/fsl_spc.c:1091:10:SPC_SetActiveModeSystemLDORegulatorConfig	8	static
../drivers/fsl_spc.c:1144:10:SPC_SetActiveModeSystemLDORegulatorVoltageLevel	0	static
../drivers/fsl_spc.c:1173:10:SPC_SetActiveModeSystemLDORegulatorDriveStrength	0	static
../drivers/fsl_spc.c:1216:10:SPC_SetLowPowerModeSystemLDORegulatorConfig	0	static
../drivers/fsl_spc.c:1246:10:SPC_SetLowPowerModeSystemLDORegulatorDriveStrength	0	static
../drivers/fsl_spc.c:1284:10:SPC_SetActiveModeDCDCRegulatorConfig	8	static
../drivers/fsl_spc.c:1327:10:SPC_SetActiveModeDCDCRegulatorDriveStrength	0	static
../drivers/fsl_spc.c:1358:10:SPC_SetLowPowerModeDCDCRegulatorConfig	0	static
../drivers/fsl_spc.c:1409:10:SPC_SetLowPowerModeDCDCRegulatorDriveStrength	0	static
../drivers/fsl_spc.c:1431:6:SPC_SetDCDCBurstConfig	8	static
../drivers/fsl_spc.c:1468:6:SPC_SetDCDCRefreshCount	0	static
../drivers/fsl_spc.c:1512:10:SPC_SetActiveModeRegulatorsConfig	16	static
../drivers/fsl_spc.c:1610:10:SPC_SetLowPowerModeRegulatorsConfig	16	static
