../drivers/fsl_smartdma.c:54:6:SMARTDMA_Init	16	static
../drivers/fsl_smartdma.c:67:6:SMARTDMA_InitWithoutFirmware	8	static
../drivers/fsl_smartdma.c:81:6:SMARTDMA_InstallFirmware	8	static
../drivers/fsl_smartdma.c:93:6:SMARTDMA_InstallCallback	0	static
../drivers/fsl_smartdma.c:106:6:SMARTDMA_Boot	8	static
../drivers/fsl_smartdma.c:126:6:SMARTDMA_Boot1	20	static
../drivers/fsl_smartdma.c:135:6:SMARTDMA_Deinit	0	static
../drivers/fsl_smartdma.c:144:6:SMARTDMA_Reset	8	static
../drivers/fsl_smartdma.c:153:6:SMARTDMA_HandleIRQ	0	static
