../drivers/fsl_edma.c:72:17:EDMA_GetInstance.part.0	8	static
../drivers/fsl_edma.c:1538:29:EDMA_TransferWidthMapping.part.0	8	static
../drivers/fsl_edma.c:528:6:EDMA_TcdResetExt.part.0	8	static
../drivers/fsl_edma.c:1327:6:EDMA_EnableChannelInterrupts.part.0	8	static
../drivers/fsl_edma.c:2443:6:EDMA_StopTransfer.part.0	8	static
../drivers/fsl_edma.c:115:6:EDMA_InstallTCD	8	static
../drivers/fsl_edma.c:157:6:EDMA_Init	24	static
../drivers/fsl_edma.c:220:6:EDMA_Deinit	8	static
../drivers/fsl_edma.c:236:6:EDMA_InitChannel	8	static
../drivers/fsl_edma.c:291:6:EDMA_GetDefaultConfig	8	static
../drivers/fsl_edma.c:326:6:EDMA_ResetChannel	8	static
../drivers/fsl_edma.c:361:6:EDMA_SetTransferConfig	48	static
../drivers/fsl_edma.c:383:6:EDMA_SetMinorOffsetConfig	8	static
../drivers/fsl_edma.c:408:6:EDMA_SetMajorOffsetConfig	8	static
../drivers/fsl_edma.c:425:6:EDMA_SetChannelPreemptionConfig	8	static
../drivers/fsl_edma.c:464:6:EDMA_SetChannelLink	8	static
../drivers/fsl_edma.c:487:6:EDMA_SetBandWidth	8	static
../drivers/fsl_edma.c:509:6:EDMA_SetModulo	8	static
../drivers/fsl_edma.c:528:6:EDMA_TcdResetExt	8	static
../drivers/fsl_edma.c:576:6:EDMA_TcdSetTransferConfigExt	32	static
../drivers/fsl_edma.c:617:6:EDMA_ConfigChannelSoftwareTCDExt	32	static
../drivers/fsl_edma.c:727:6:EDMA_TcdSetMinorOffsetConfigExt	8	static
../drivers/fsl_edma.c:752:6:EDMA_TcdSetMajorOffsetConfigExt	8	static
../drivers/fsl_edma.c:777:6:EDMA_TcdSetChannelLinkExt	8	static
../drivers/fsl_edma.c:828:6:EDMA_TcdSetModuloExt	8	static
../drivers/fsl_edma.c:847:6:EDMA_TcdEnableInterruptsExt	8	static
../drivers/fsl_edma.c:872:6:EDMA_TcdDisableInterruptsExt	8	static
../drivers/fsl_edma.c:900:6:EDMA_TcdReset	8	static
../drivers/fsl_edma.c:949:6:EDMA_TcdSetTransferConfig	32	static
../drivers/fsl_edma.c:988:6:EDMA_ConfigChannelSoftwareTCD	32	static
../drivers/fsl_edma.c:1100:6:EDMA_TcdSetMinorOffsetConfig	8	static
../drivers/fsl_edma.c:1126:6:EDMA_TcdSetMajorOffsetConfig	8	static
../drivers/fsl_edma.c:1152:6:EDMA_TcdSetChannelLink	8	static
../drivers/fsl_edma.c:1204:6:EDMA_TcdSetModulo	8	static
../drivers/fsl_edma.c:1224:6:EDMA_TcdEnableInterrupts	8	static
../drivers/fsl_edma.c:1251:6:EDMA_TcdDisableInterrupts	8	static
../drivers/fsl_edma.c:1289:10:EDMA_GetRemainingMajorLoopCount	8	static
../drivers/fsl_edma.c:1327:6:EDMA_EnableChannelInterrupts	8	static
../drivers/fsl_edma.c:1358:6:EDMA_DisableChannelInterrupts	8	static
../drivers/fsl_edma.c:1389:10:EDMA_GetChannelStatusFlags	8	static
../drivers/fsl_edma.c:1413:6:EDMA_ClearChannelStatusFlags	8	static
../drivers/fsl_edma.c:1445:6:EDMA_CreateHandle	16	static
../drivers/fsl_edma.c:1499:6:EDMA_InstallTCDMemory	8	static
../drivers/fsl_edma.c:1530:6:EDMA_SetCallback	8	static
../drivers/fsl_edma.c:1614:6:EDMA_PrepareTransferConfig	40	static
../drivers/fsl_edma.c:1685:6:EDMA_PrepareTransfer	40	static
../drivers/fsl_edma.c:1747:6:EDMA_PrepareTransferTCD	32	static
../drivers/fsl_edma.c:1897:10:EDMA_SubmitTransferTCD	32	static
../drivers/fsl_edma.c:2080:10:EDMA_SubmitTransfer	64	static
../drivers/fsl_edma.c:2273:10:EDMA_SubmitLoopTransfer	64	static
../drivers/fsl_edma.c:2350:6:EDMA_StartTransfer	8	static
../drivers/fsl_edma.c:2443:6:EDMA_StopTransfer	8	static
../drivers/fsl_edma.c:2461:6:EDMA_AbortTransfer	8	static
../drivers/fsl_edma.c:2508:6:EDMA_HandleIRQ	24	static
../drivers/fsl_edma.c:2640:6:EDMA_DriverIRQHandler	24	static
