../drivers/fsl_gpio.c:117:6:GPIO_PinInit	8	static
../drivers/fsl_gpio.c:137:6:GPIO_GetVersionInfo	0	static
../drivers/fsl_gpio.c:177:10:GPIO_GpioGetInterruptFlags	0	static
../drivers/fsl_gpio.c:191:10:GPIO_GpioGetInterruptChannelFlags	8	static
../drivers/fsl_gpio.c:204:9:GPIO_PinGetInterruptFlag	0	static
../drivers/fsl_gpio.c:233:6:GPIO_GpioClearInterruptFlags	0	static
../drivers/fsl_gpio.c:245:6:GPIO_GpioClearInterruptChannelFlags	8	static
../drivers/fsl_gpio.c:257:6:GPIO_PinClearInterruptFlag	0	static
