../drivers/fsl_flexio_mculcd.c:1232:6:FLEXIO_MCULCD_TransferHandleIRQ	24	static
../drivers/fsl_flexio_mculcd.c:57:10:FLEXIO_MCULCD_Init	24	static
../drivers/fsl_flexio_mculcd.c:83:6:FLEXIO_MCULCD_Deinit	12	static
../drivers/fsl_flexio_mculcd.c:102:6:FLEXIO_MCULCD_GetDefaultConfig	8	static
../drivers/fsl_flexio_mculcd.c:125:10:FLEXIO_MCULCD_SetBaudRate	0	static
../drivers/fsl_flexio_mculcd.c:164:10:FLEXIO_MCULCD_GetStatusFlags	0	static
../drivers/fsl_flexio_mculcd.c:194:6:FLEXIO_MCULCD_ClearStatusFlags	0	static
../drivers/fsl_flexio_mculcd.c:221:6:FLEXIO_MCULCD_EnableInterrupts	0	static
../drivers/fsl_flexio_mculcd.c:248:6:FLEXIO_MCULCD_DisableInterrupts	0	static
../drivers/fsl_flexio_mculcd.c:292:10:FLEXIO_MCULCD_ReadData	0	static
../drivers/fsl_flexio_mculcd.c:312:6:FLEXIO_MCULCD_SetSingleBeatWriteConfig	12	static
../drivers/fsl_flexio_mculcd.c:373:6:FLEXIO_MCULCD_ClearSingleBeatWriteConfig	8	static
../drivers/fsl_flexio_mculcd.c:402:6:FLEXIO_MCULCD_SetSingleBeatReadConfig	16	static
../drivers/fsl_flexio_mculcd.c:469:6:FLEXIO_MCULCD_ClearSingleBeatReadConfig	8	static
../drivers/fsl_flexio_mculcd.c:498:6:FLEXIO_MCULCD_SetMultiBeatsWriteConfig	20	static
../drivers/fsl_flexio_mculcd.c:577:6:FLEXIO_MCULCD_ClearMultiBeatsWriteConfig	16	static
../drivers/fsl_flexio_mculcd.c:614:6:FLEXIO_MCULCD_SetMultiBeatsReadConfig	20	static
../drivers/fsl_flexio_mculcd.c:698:6:FLEXIO_MCULCD_ClearMultiBeatsReadConfig	16	static
../drivers/fsl_flexio_mculcd.c:731:6:FLEXIO_MCULCD_WaitTransmitComplete	0	static
../drivers/fsl_flexio_mculcd.c:750:6:FLEXIO_MCULCD_WriteCommandBlocking	24	static
../drivers/fsl_flexio_mculcd.c:795:6:FLEXIO_MCULCD_WriteDataArrayBlocking	24	static
../drivers/fsl_flexio_mculcd.c:866:6:FLEXIO_MCULCD_ReadDataArrayBlocking	24	static
../drivers/fsl_flexio_mculcd.c:944:6:FLEXIO_MCULCD_WriteSameValueBlocking	24	static
../drivers/fsl_flexio_mculcd.c:991:6:FLEXIO_MCULCD_TransferBlocking	24	static
../drivers/fsl_flexio_mculcd.c:1031:10:FLEXIO_MCULCD_TransferCreateHandle	16	static
../drivers/fsl_flexio_mculcd.c:1072:10:FLEXIO_MCULCD_TransferNonBlocking	16	static
../drivers/fsl_flexio_mculcd.c:1163:6:FLEXIO_MCULCD_TransferAbort	32	static
../drivers/fsl_flexio_mculcd.c:1207:10:FLEXIO_MCULCD_TransferGetCount	8	static
