../eiq/mpp/hal/hal_freertos.c:30:6:vApplicationStackOverflowHook	16	static
../eiq/mpp/hal/hal_freertos.c:36:6:vApplicationMallocFailedHook	8	static
../eiq/mpp/hal/hal_freertos.c:49:5:hal_mutex_create	24	static
../eiq/mpp/hal/hal_freertos.c:74:6:hal_mutex_remove	0	static
../eiq/mpp/hal/hal_freertos.c:79:5:hal_mutex_lock	24	static
../eiq/mpp/hal/hal_freertos.c:100:5:hal_mutex_unlock	24	static
../eiq/mpp/hal/hal_freertos.c:122:10:hal_get_exec_time	464	static
../eiq/mpp/hal/hal_freertos.c:143:7:hal_malloc	0	static
../eiq/mpp/hal/hal_freertos.c:148:6:hal_free	0	static
../eiq/mpp/hal/hal_freertos.c:153:12:hal_sema_create	0	static
../eiq/mpp/hal/hal_freertos.c:159:12:hal_sema_create_binary	0	static
../eiq/mpp/hal/hal_freertos.c:164:6:hal_sema_give	8	static
../eiq/mpp/hal/hal_freertos.c:174:6:hal_sema_take	8	static
../eiq/mpp/hal/hal_freertos.c:184:6:hal_sema_give_isr	8	static
../eiq/mpp/hal/hal_freertos.c:194:6:hal_sema_take_isr	8	static
../eiq/mpp/hal/hal_freertos.c:204:6:hal_sched_yield	0	static
../eiq/mpp/hal/hal_freertos.c:209:10:hal_get_ostick	0	static
../eiq/mpp/hal/hal_freertos.c:214:10:hal_get_tick_period_ms	0	static
../eiq/mpp/hal/hal_freertos.c:219:10:hal_get_tick_rate_hz	0	static
../eiq/mpp/hal/hal_freertos.c:225:6:hal_atomic_enter	8	static
../eiq/mpp/hal/hal_freertos.c:230:6:hal_atomic_exit	0	static
../eiq/mpp/hal/hal_freertos.c:235:10:hal_tick_to_ms	0	static
../eiq/mpp/hal/hal_freertos.c:240:5:hal_task_create	16	static
../eiq/mpp/hal/hal_freertos.c:260:6:hal_task_suspend	0	static
../eiq/mpp/hal/hal_freertos.c:265:6:hal_task_resume	0	static
../eiq/mpp/hal/hal_freertos.c:270:6:hal_task_delay	0	static
../eiq/mpp/hal/hal_freertos.c:275:19:hal_eventgrp_create	0	static
../eiq/mpp/hal/hal_freertos.c:280:17:hal_eventgrp_set_bits	0	static
../eiq/mpp/hal/hal_freertos.c:286:17:hal_eventgrp_wait_bits	0	static
../eiq/mpp/hal/hal_freertos.c:299:5:hal_get_max_syscall_prio	0	static
