../eiq/mpp/hal/hal_graphics_cpu.c:116:24:rotate0_map	0	static
../eiq/mpp/hal/hal_graphics_cpu.c:123:24:rotate90_map	0	static
../eiq/mpp/hal/hal_graphics_cpu.c:130:24:rotate180_map	4	static
../eiq/mpp/hal/hal_graphics_cpu.c:137:24:rotate270_map	0	static
../eiq/mpp/hal/hal_graphics_cpu.c:144:24:flip_h_map	0	static
../eiq/mpp/hal/hal_graphics_cpu.c:151:24:flip_v_map	0	static
../eiq/mpp/hal/hal_graphics_cpu.c:165:24:flip_h_90_map	4	static
../eiq/mpp/hal/hal_graphics_cpu.c:172:24:flip_v_90_map	0	static
../eiq/mpp/hal/hal_graphics_cpu.c:230:24:get_dest_pos_default	0	static
../eiq/mpp/hal/hal_graphics_cpu.c:248:24:get_dest_pos422_x_non_reversed	0	static
../eiq/mpp/hal/hal_graphics_cpu.c:253:24:get_dest_pos422_y_non_reversed	0	static
../eiq/mpp/hal/hal_graphics_cpu.c:258:24:get_dest_pos422_x_reversed	4	static
../eiq/mpp/hal/hal_graphics_cpu.c:263:24:get_dest_pos422_y_reversed	4	static
../eiq/mpp/hal/hal_graphics_cpu.c:279:20:write_rgb888	0	static
../eiq/mpp/hal/hal_graphics_cpu.c:288:20:write_bgr888	0	static
../eiq/mpp/hal/hal_graphics_cpu.c:297:20:write_rgb565	0	static
../eiq/mpp/hal/hal_graphics_cpu.c:629:23:get_color_byte_from_rgb888	32	static
../eiq/mpp/hal/hal_graphics_cpu.c:642:23:get_color_byte_from_rgb565	32	static
../eiq/mpp/hal/hal_graphics_cpu.c:667:23:scale_rgb888	72	static
../eiq/mpp/hal/hal_graphics_cpu.c:688:23:scale_rgb565	80	static
../eiq/mpp/hal/hal_graphics_cpu.c:733:20:color_conv_none	0	static
../eiq/mpp/hal/hal_graphics_cpu.c:77:5:HAL_GfxDev_Cpu_Getbufdesc	8	static
../eiq/mpp/hal/hal_graphics_cpu.c:915:5:HAL_GfxDev_Cpu_Blit	152	static
../eiq/mpp/hal/hal_graphics_cpu.c:761:20:color_VYUY422ToRGB	12	static
../eiq/mpp/hal/hal_graphics_cpu.c:200:24:flip_both_180_map	0	static
../eiq/mpp/hal/hal_graphics_cpu.c:207:24:flip_h_270_map	0	static
../eiq/mpp/hal/hal_graphics_cpu.c:221:24:flip_both_270_map	0	static
../eiq/mpp/hal/hal_graphics_cpu.c:179:24:flip_both_90_map	0	static
../eiq/mpp/hal/hal_graphics_cpu.c:193:24:flip_v_180_map	0	static
../eiq/mpp/hal/hal_graphics_cpu.c:186:24:flip_h_180_map	0	static
../eiq/mpp/hal/hal_graphics_cpu.c:739:20:color_VUYX444ToRGB	20	static
../eiq/mpp/hal/hal_graphics_cpu.c:158:24:flip_both_map	4	static
../eiq/mpp/hal/hal_graphics_cpu.c:214:24:flip_v_270_map	4	static
../eiq/mpp/hal/hal_graphics_cpu.c:750:20:color_UYVY422ToRGB	12	static
../eiq/mpp/hal/hal_graphics_cpu.c:1244:5:HAL_GfxDev_CPU_Register	0	static
