../freertos/freertos-kernel/portable/GCC/ARM_CM33_NTZ/non_secure/port.c:804:13:prvTaskExitError	16	static
../freertos/freertos-kernel/portable/GCC/ARM_CM33_NTZ/non_secure/port.c:776:32:vPortSetupTimerInterrupt	8	static
../freertos/freertos-kernel/portable/GCC/ARM_CM33_NTZ/non_secure/port.c:966:6:vPortYield	0	static
../freertos/freertos-kernel/portable/GCC/ARM_CM33_NTZ/non_secure/port.c:978:6:vPortEnterCritical	8	static
../freertos/freertos-kernel/portable/GCC/ARM_CM33_NTZ/non_secure/port.c:990:6:vPortExitCritical	8	static
../freertos/freertos-kernel/portable/GCC/ARM_CM33_NTZ/non_secure/port.c:1002:6:SysTick_Handler	8	static
../freertos/freertos-kernel/portable/GCC/ARM_CM33_NTZ/non_secure/port.c:1025:6:vPortSVCHandler_C	8	static
../freertos/freertos-kernel/portable/GCC/ARM_CM33_NTZ/non_secure/port.c:1530:19:pxPortInitialiseStack	36	static
../freertos/freertos-kernel/portable/GCC/ARM_CM33_NTZ/non_secure/port.c:1613:12:xPortStartScheduler	32	static
../freertos/freertos-kernel/portable/GCC/ARM_CM33_NTZ/non_secure/port.c:1766:6:vPortEndScheduler	8	static
../freertos/freertos-kernel/portable/GCC/ARM_CM33_NTZ/non_secure/port.c:1947:12:xPortIsInsideInterrupt	0	static
../freertos/freertos-kernel/portable/GCC/ARM_CM33_NTZ/non_secure/port.c:1972:10:vPortValidateInterruptPriority	8	static
