../video/fsl_ov7670.c:738:10:OV7670_Deinit	0	static
../video/fsl_ov7670.c:758:10:OV7670_Control	0	static
../video/fsl_ov7670.c:748:10:OV7670_Stop	0	static
../video/fsl_ov7670.c:743:10:OV7670_Start	0	static
../video/fsl_ov7670.c:235:10:OV7670_ContrastAdjustment	40	static
../video/fsl_ov7670.c:245:10:OV7670_BrightnessAdjustment	16	static
../video/fsl_ov7670.c:327:10:OV7670_OutputFormat	40	static
../video/fsl_ov7670.c:336:10:OV7670_Resolution	40	static
../video/fsl_ov7670.c:386:10:OV7670_SetWindow	40	static
../video/fsl_ov7670.c:400:10:OV7670_FrameRateAdjustment	24	static
../video/fsl_ov7670.c:418:10:OV7670_NightMode	32	static
../video/fsl_ov7670.c:427:10:OV7670_BandingFilterSelection	40	static
../video/fsl_ov7670.c:439:10:OV7670_WhiteBalance	40	static
../video/fsl_ov7670.c:466:10:OV7670_LightMode	40	static
../video/fsl_ov7670.c:494:10:OV7670_ColorSaturation	32	static
../video/fsl_ov7670.c:509:10:OV7670_SpecialEffects	40	static
../video/fsl_ov7670.c:519:10:OV7670_SetWindowByCoordinates	48	static
../video/fsl_ov7670.c:552:10:OV7670_GammaCurveSlope	24	static
../video/fsl_ov7670.c:254:10:OV7670_Configure	48	static
../video/fsl_ov7670.c:187:10:OV7670_CameraInit	32	static
../video/fsl_ov7670.c:585:10:OV7670_Init	48	static
../video/fsl_ov7670.c:753:10:OV7670_InitExt	0	static
../video/fsl_ov7670.c:575:6:OV7670_GetDefaultConfig	8	static
