../freertos/freertos-kernel/event_groups.c:752:6:vEventGroupClearBitsCallback	16	static
../freertos/freertos-kernel/event_groups.c:736:6:vEventGroupSetBitsCallback	32	static
../freertos/freertos-kernel/event_groups.c:139:24:xEventGroupCreate	8	static
../freertos/freertos-kernel/event_groups.c:306:13:xEventGroupWaitBits	24	static
../freertos/freertos-kernel/event_groups.c:466:13:xEventGroupClearBits	16	static
../freertos/freertos-kernel/event_groups.c:500:16:xEventGroupClearBitsFromISR	0	static
../freertos/freertos-kernel/event_groups.c:518:13:xEventGroupGetBitsFromISR	8	static
../freertos/freertos-kernel/event_groups.c:538:13:xEventGroupSetBits	32	static
../freertos/freertos-kernel/event_groups.c:179:13:xEventGroupSync	24	static
../freertos/freertos-kernel/event_groups.c:638:6:vEventGroupDelete	16	static
../freertos/freertos-kernel/event_groups.c:805:16:xEventGroupSetBitsFromISR	4	static
../freertos/freertos-kernel/event_groups.c:826:17:uxEventGroupGetNumber	0	static
../freertos/freertos-kernel/event_groups.c:856:10:vEventGroupSetNumber	0	static
