../freertos/freertos-kernel/stream_buffer.c:319:26:xStreamBufferGenericCreate	24	static
../freertos/freertos-kernel/stream_buffer.c:533:6:vStreamBufferDelete	8	static
../freertos/freertos-kernel/stream_buffer.c:570:12:xStreamBufferReset	32	static
../freertos/freertos-kernel/stream_buffer.c:631:12:xStreamBufferSetTriggerLevel	8	static
../freertos/freertos-kernel/stream_buffer.c:665:8:xStreamBufferSpacesAvailable	16	static
../freertos/freertos-kernel/stream_buffer.c:702:8:xStreamBufferBytesAvailable	8	static
../freertos/freertos-kernel/stream_buffer.c:719:8:xStreamBufferSend	64	static
../freertos/freertos-kernel/stream_buffer.c:854:8:xStreamBufferSendFromISR	48	static
../freertos/freertos-kernel/stream_buffer.c:961:8:xStreamBufferReceive	64	static
../freertos/freertos-kernel/stream_buffer.c:1069:8:xStreamBufferNextMessageLengthBytes	24	static
../freertos/freertos-kernel/stream_buffer.c:1113:8:xStreamBufferReceiveFromISR	64	static
../freertos/freertos-kernel/stream_buffer.c:1228:12:xStreamBufferIsEmpty	8	static
../freertos/freertos-kernel/stream_buffer.c:1256:12:xStreamBufferIsFull	16	static
../freertos/freertos-kernel/stream_buffer.c:1295:12:xStreamBufferSendCompletedFromISR	32	static
../freertos/freertos-kernel/stream_buffer.c:1330:12:xStreamBufferReceiveCompletedFromISR	32	static
../freertos/freertos-kernel/stream_buffer.c:1524:17:uxStreamBufferGetStreamBufferNumber	0	static
../freertos/freertos-kernel/stream_buffer.c:1538:10:vStreamBufferSetStreamBufferNumber	0	static
../freertos/freertos-kernel/stream_buffer.c:1553:13:ucStreamBufferGetStreamBufferType	0	static
